../Core/Src/stepperControl.cpp:21:6:void doStep()	4	static
../Core/Src/stepperControl.cpp:48:6:void stepperControl_init()	8	static
../Core/Src/stepperControl.cpp:73:17:void HAL_GPIO_EXTI_Callback(uint16_t)	24	static,ignoring_inline_asm
../Core/Inc/TimerArrayInc/TimerArrayControl.hpp:29:7:TimerArrayControl::~TimerArrayControl()	16	static
../Core/Inc/TimerArrayInc/TimerArrayControl.hpp:29:7:virtual TimerArrayControl::~TimerArrayControl()	16	static
../Core/Src/stepperControl.cpp:87:1:void __static_initialization_and_destruction_0(int, int)	24	static
../Core/Inc/TimerArrayInc/CallbackChain.hpp:26:1:CallbackChain<ChainID, Args>::~CallbackChain() [with ChainID = TIM_OC_DelayElapsed_CallbackChainID; Args = {TIM_HandleTypeDef*}]	24	static
../Core/Inc/TimerArrayInc/CallbackChain.hpp:26:1:CallbackChain<ChainID, Args>::~CallbackChain() [with ChainID = TIM_OC_DelayElapsed_CallbackChainID; Args = {TIM_HandleTypeDef*}]	16	static
../Core/Src/stepperControl.cpp:87:1:cpp)	8	static
../Core/Src/stepperControl.cpp:87:1:cpp)	8	static
